// Jest Snapshot v1, https://goo.gl/fbAQLP

exports[`Display Component matches snapshot 1`] = `
<div
  className="display"
>
  0
</div>
`;
