// Jest Snapshot v1, https://goo.gl/fbAQLP

exports[`Quote component matches the snapshot 1`] = `
<div>
  <p>
    "Why Do We Fall, Sir? So That We Can Learn To Pick Ourselves Up." -
    <i>
      Batman Begins
    </i>
  </p>
</div>
`;
